{
    "-profile test_singleton": {
        "content": [
            398,
            {
                "ADD_MOST_SEVERE_CSQ": {
                    "add_most_severe_consequence": "v1.1",
                    "python": "3.8.3"
                },
                "ADD_MOST_SEVERE_PLI": {
                    "add_most_severe_pli": "v1.1",
                    "python": "3.8.3"
                },
                "ADD_VARCALLER_TO_BED": {
                    "tabix": 1.12
                },
                "BCFTOOLS_ANNOTATE": {
                    "bcftools": 1.2
                },
                "BCFTOOLS_CONCAT": {
                    "bcftools": 1.2
                },
                "BCFTOOLS_CONCAT_ME": {
                    "bcftools": 1.2
                },
                "BCFTOOLS_FILTER": {
                    "bcftools": 1.2
                },
                "BCFTOOLS_REHEADER_EXP": {
                    "bcftools": 1.2
                },
                "BCFTOOLS_REHEADER_ME": {
                    "bcftools": 1.2
                },
                "BCFTOOLS_ROH": {
                    "bcftools": 1.2
                },
                "BCFTOOLS_SORT": {
                    "bcftools": 1.2
                },
                "BCFTOOLS_SORT_ME": {
                    "bcftools": 1.2
                },
                "BCFTOOLS_VIEW": {
                    "bcftools": 1.2
                },
                "BCFTOOLS_VIEW_CNVNATOR": {
                    "bcftools": 1.2
                },
                "BCFTOOLS_VIEW_FILTER": {
                    "bcftools": 1.2
                },
                "BCFTOOLS_VIEW_MANTA": {
                    "bcftools": 1.2
                },
                "BCFTOOLS_VIEW_RHOCALL": {
                    "bcftools": 1.2
                },
                "BCFTOOLS_VIEW_TIDDIT": {
                    "bcftools": 1.2
                },
                "BCFTOOLS_VIEW_UNCOMPRESS": {
                    "bcftools": 1.2
                },
                "BEDTOOLS_GENOMECOV": {
                    "bedtools": "2.31.1"
                },
                "BEDTOOLS_PAD_TARGET_BED": {
                    "bedtools": "2.31.1"
                },
                "BWAMEM2_INDEX_GENOME": {
                    "bwamem2": "2.2.1"
                },
                "BWAMEM2_INDEX_MT": {
                    "bwamem2": "2.2.1"
                },
                "BWAMEM2_INDEX_MT_SHIFT": {
                    "bwamem2": "2.2.1"
                },
                "BWAMEM2_MEM": {
                    "bwamem2": "2.2.1",
                    "samtools": "1.19.2"
                },
                "BWAMEM2_MEM_MT": {
                    "bwamem2": "2.2.1",
                    "samtools": "1.19.2"
                },
                "BWA_INDEX_GENOME": {
                    "bwa": "0.7.18-r1243-dirty"
                },
                "CALCULATE_SEED_FRACTION": {
                    "calculate_seed_fraction": "v1.0",
                    "python": "3.8.3"
                },
                "CAT_CAT_BAIT": {
                    "pigz": "2.3.4"
                },
                "CHROMOGRAPH_AUTOZYG": {
                    "chromograph": "1.3.1"
                },
                "CHROMOGRAPH_COV": {
                    "chromograph": "1.3.1"
                },
                "CNVNATOR_CALL": {
                    "CNVnator": "0.4.1"
                },
                "CNVNATOR_CONVERT2VCF": {
                    "CNVnator": "0.4.1"
                },
                "CNVNATOR_HIST": {
                    "CNVnator": "0.4.1"
                },
                "CNVNATOR_PARTITION": {
                    "CNVnator": "0.4.1"
                },
                "CNVNATOR_RD": {
                    "CNVnator": "0.4.1"
                },
                "CNVNATOR_STAT": {
                    "CNVnator": "0.4.1"
                },
                "CREATE_PEDIGREE_FILE": {
                    "create_pedigree_file": "v1.0",
                    "python": "3.8.3"
                },
                "DEEPVARIANT": {
                    "deepvariant": "1.8.0"
                },
                "EKLIPSE": {
                    "eklipse": 1.8
                },
                "ENSEMBLVEP_FILTERVEP": {
                    "ensemblvep": 113.0
                },
                "ENSEMBLVEP_ME": {
                    "ensemblvep": 110.0
                },
                "ENSEMBLVEP_MT": {
                    "ensemblvep": 110.0
                },
                "ENSEMBLVEP_SNV": {
                    "ensemblvep": 110.0
                },
                "ENSEMBLVEP_SV": {
                    "ensemblvep": 110.0
                },
                "EXPANSIONHUNTER": {
                    "expansionhunter": "5.0.0",
                    "bgzip": 1.18
                },
                "FASTP": {
                    "fastp": "0.23.4"
                },
                "FASTQC": {
                    "fastqc": "0.12.1"
                },
                "GATK4_FILTERMUTECTCALLS_MT": {
                    "gatk4": "4.5.0.0"
                },
                "GATK4_MERGEBAMALIGNMENT_MT": {
                    "gatk4": "4.5.0.0"
                },
                "GATK4_MERGEVCFS_LIFT_UNLIFT_MT": {
                    "gatk4": "4.5.0.0"
                },
                "GATK4_MUTECT2_MT": {
                    "gatk4": "4.5.0.0"
                },
                "GATK4_PRINTREADS_MT": {
                    "gatk4": "4.5.0.0"
                },
                "GATK4_REVERTSAM_MT": {
                    "gatk4": "4.5.0.0"
                },
                "GATK4_SAMTOFASTQ_MT": {
                    "gatk4": "4.5.0.0"
                },
                "GATK4_SELECTVARIANTS": {
                    "gatk4": "4.5.0.0"
                },
                "GATK4_VARIANTFILTRATION_MT": {
                    "gatk4": "4.5.0.0"
                },
                "GATK_BILT": {
                    "gatk4": "4.5.0.0"
                },
                "GATK_ILT": {
                    "gatk4": "4.5.0.0"
                },
                "GATK_SD": {
                    "gatk4": "4.5.0.0"
                },
                "GATK_SD_MT": {
                    "gatk4": "4.5.0.0"
                },
                "GATK_SHIFTFASTA": {
                    "gatk4": "4.5.0.0"
                },
                "GENMOD_ANNOTATE": {
                    "genmod": 3.9
                },
                "GENMOD_COMPOUND": {
                    "genmod": 3.9
                },
                "GENMOD_MODELS": {
                    "genmod": 3.9
                },
                "GENMOD_SCORE": {
                    "genmod": 3.9
                },
                "GET_CHROM_SIZES": {
                    "coreutils": 8.31
                },
                "GLNEXUS": {
                    "glnexus": "1.4.1-0-g68e25e5"
                },
                "HAPLOCHECK_MT": {
                    "haplocheck": "1.3.3"
                },
                "HMTNOTE_ANNOTATE": {
                    "hmtnote": "0.7.2"
                },
                "INDEX_CNVNATOR": {
                    "tabix": 1.2
                },
                "INDEX_TIDDIT": {
                    "tabix": 1.2
                },
                "MANTA": {
                    "manta": "1.6.0"
                },
                "MARKDUPLICATES": {
                    "picard": "3.3.0"
                },
                "ME_INDEX_SPLIT_ALIGNMENT": {
                    "samtools": 1.21
                },
                "ME_SPLIT_ALIGNMENT": {
                    "samtools": 1.21
                },
                "MOSDEPTH": {
                    "mosdepth": "0.3.8"
                },
                "MT_DELETION": {
                    "samtools": "1.19.2"
                },
                "NGSBITS_SAMPLEGENDER": {
                    "ngs-bits": 202302
                },
                "PICARD_ADDORREPLACEREADGROUPS_MT": {
                    "picard": "3.3.0"
                },
                "PICARD_COLLECTHSMETRICS": {
                    "picard": "3.3.0"
                },
                "PICARD_COLLECTMULTIPLEMETRICS": {
                    "picard": "3.3.0"
                },
                "PICARD_COLLECTWGSMETRICS_WG": {
                    "picard": "3.3.0"
                },
                "PICARD_COLLECTWGSMETRICS_Y": {
                    "picard": "3.3.0"
                },
                "PICARD_LIFTOVERVCF": {
                    "picard": "3.3.0"
                },
                "PICARD_MARKDUPLICATES_MT": {
                    "picard": "3.3.0"
                },
                "PICARD_SORTVCF": {
                    "picard": "3.3.0"
                },
                "QUALIMAP_BAMQC": {
                    "qualimap": 2.3
                },
                "REMOVE_DUPLICATES_GL": {
                    "bcftools": 1.2
                },
                "REMOVE_DUPLICATES_MT": {
                    "bcftools": 1.2
                },
                "RENAMESAMPLE_EXP": {
                    "picard": "3.3.0"
                },
                "RENAME_BAI": {
                    "coreutils": 8.31
                },
                "RENAME_BAM": {
                    "coreutils": 8.31
                },
                "REPLACE_SPACES_IN_VCFINFO": {
                    "replace_spaces_in_vcfinfo": "v1.0",
                    "python": "3.8.3"
                },
                "RETROSEQ_CALL": {
                    "retroseq_call": 1.5
                },
                "RETROSEQ_DISCOVER": {
                    "retroseq_discover": 1.5
                },
                "RHOCALL_ANNOTATE": {
                    "rhocall": "0.5.1"
                },
                "RHOCALL_VIZ": {
                    "rhocall": "0.5.1"
                },
                "SAMTOOLS_EXTRACT_MT": {
                    "samtools": 1.21
                },
                "SAMTOOLS_FAIDX_MT": {
                    "samtools": 1.21
                },
                "SAMTOOLS_INDEX": {
                    "samtools": 1.21
                },
                "SAMTOOLS_INDEX_ALIGN": {
                    "samtools": 1.21
                },
                "SAMTOOLS_INDEX_MARKDUP": {
                    "samtools": 1.21
                },
                "SAMTOOLS_INDEX_MT": {
                    "samtools": 1.21
                },
                "SAMTOOLS_SORT": {
                    "samtools": 1.21
                },
                "SAMTOOLS_SORT_MT": {
                    "samtools": 1.21
                },
                "SAMTOOLS_STATS": {
                    "samtools": 1.21
                },
                "SAMTOOLS_VIEW": {
                    "samtools": 1.21
                },
                "SMNCOPYNUMBERCALLER": {
                    "SMNCopyNumberCaller": "1.1.2"
                },
                "SPLIT_AND_FILTER_SV_VCF": {
                    "bcftools": 1.2
                },
                "SPLIT_MULTIALLELICS_EXP": {
                    "bcftools": 1.2
                },
                "SPLIT_MULTIALLELICS_GL": {
                    "bcftools": 1.2
                },
                "SPLIT_MULTIALLELICS_MT": {
                    "bcftools": 1.2
                },
                "STRANGER": {
                    "stranger": "0.9.4",
                    "tabix": 1.21
                },
                "SVDB_MERGE": {
                    "svdb": "2.8.2",
                    "bcftools": 1.21
                },
                "SVDB_MERGE_CNVNATOR": {
                    "svdb": "2.8.2",
                    "bcftools": 1.21
                },
                "SVDB_MERGE_ME": {
                    "svdb": "2.8.2",
                    "bcftools": 1.21
                },
                "SVDB_MERGE_REPEATS": {
                    "svdb": "2.8.2",
                    "bcftools": 1.21
                },
                "SVDB_MERGE_TIDDIT": {
                    "svdb": "2.8.2",
                    "bcftools": 1.21
                },
                "SVDB_QUERY_DB": {
                    "svdb": "2.8.2"
                },
                "TABIX_ANNOTATE": {
                    "tabix": 1.2
                },
                "TABIX_BCFTOOLS_CONCAT": {
                    "tabix": 1.2
                },
                "TABIX_BGZIP": {
                    "tabix": 1.2
                },
                "TABIX_BGZIPINDEX_PADDED_BED": {
                    "tabix": 1.2
                },
                "TABIX_BGZIPTABIX": {
                    "tabix": 1.2
                },
                "TABIX_DBSNP": {
                    "tabix": 1.2
                },
                "TABIX_EXP_RENAME": {
                    "tabix": 1.2
                },
                "TABIX_GL": {
                    "tabix": 1.2
                },
                "TABIX_GNOMAD_AF": {
                    "tabix": 1.2
                },
                "TABIX_ME": {
                    "tabix": 1.2
                },
                "TABIX_ME_SPLIT": {
                    "tabix": 1.2
                },
                "TABIX_PBT": {
                    "tabix": 1.2
                },
                "TABIX_TABIX": {
                    "tabix": 1.2
                },
                "TABIX_TABIX_VEP_MT": {
                    "tabix": 1.2
                },
                "TABIX_VEP": {
                    "tabix": 1.2
                },
                "TIDDIT_COV": {
                    "tiddit": "3.6.1"
                },
                "TIDDIT_COV_VCF2CYTOSURE": {
                    "tiddit": "3.6.1"
                },
                "TIDDIT_SV": {
                    "tiddit": "3.6.1"
                },
                "UCSC_WIGTOBIGWIG": {
                    "ucsc": 447
                },
                "UNTAR_VEP_CACHE": {
                    "untar": 1.34
                },
                "VCF2CYTOSURE": {
                    "vcf2cytosure": "0.9.1"
                },
                "VCFANNO": {
                    "vcfanno": "0.3.5"
                },
                "VCFANNO_MT": {
                    "vcfanno": "0.3.5"
                },
                "Workflow": {
                    "nf-core/raredisease": "v2.6.0dev"
                },
                "ZIP_TABIX_HMTNOTE_MT": {
                    "tabix": 1.2
                },
                "ZIP_TABIX_ROHCALL": {
                    "tabix": 1.2
                },
                "ZIP_TABIX_VCFANNO": {
                    "tabix": 1.2
                },
                "ZIP_TABIX_VCFANNO_MT": {
                    "tabix": 1.2
                }
            },
            [
                "alignment",
                "alignment/hugelymodelbat_mt_subsample.bam",
                "alignment/hugelymodelbat_mt_subsample.bam.bai",
                "alignment/hugelymodelbat_sorted_md.MarkDuplicates.metrics.txt",
                "alignment/hugelymodelbat_sorted_md.bam",
                "alignment/hugelymodelbat_sorted_md.bam.bai",
                "annotate_mobile_elements",
                "annotate_mobile_elements/justhusky_me_annotated_clinical.vcf.gz",
                "annotate_mobile_elements/justhusky_me_annotated_clinical.vcf.gz.tbi",
                "annotate_mobile_elements/justhusky_me_annotated_research.vcf.gz",
                "annotate_mobile_elements/justhusky_me_annotated_research.vcf.gz.tbi",
                "annotate_snv",
                "annotate_snv/genome",
                "annotate_snv/genome/hugelymodelbat_rhocallviz",
                "annotate_snv/genome/hugelymodelbat_rhocallviz/hugelymodelbat_rhocallviz.bed",
                "annotate_snv/genome/hugelymodelbat_rhocallviz/hugelymodelbat_rhocallviz.bw",
                "annotate_snv/genome/hugelymodelbat_rhocallviz/hugelymodelbat_rhocallviz.wig",
                "annotate_snv/genome/hugelymodelbat_rhocallviz_autozyg_chromograph",
                "annotate_snv/genome/justhusky_rhocall_filter_vep.vcf.gz",
                "annotate_snv/genome/justhusky_rhocall_filter_vep.vcf.gz.csi",
                "annotate_snv/genome/justhusky_rhocall_filter_vep.vcf.gz.tbi",
                "annotate_snv/mitochondria",
                "annotate_snv/mitochondria/justhusky_mitochondria_hmtnote_vcfanno_vep.vcf.gz",
                "annotate_snv/mitochondria/justhusky_mitochondria_hmtnote_vcfanno_vep.vcf.gz.tbi",
                "annotate_sv",
                "annotate_sv/justhusky_svdbquery_vep.json.gz",
                "annotate_sv/justhusky_svdbquery_vep.summary.html",
                "annotate_sv/justhusky_svdbquery_vep.tab.gz",
                "annotate_sv/justhusky_svdbquery_vep.vcf.gz",
                "annotate_sv/justhusky_svdbquery_vep.vcf.gz.csi",
                "annotate_sv/justhusky_svdbquery_vep.vcf.gz.tbi",
                "call_mobile_elements",
                "call_mobile_elements/justhusky_mobile_elements.vcf.gz",
                "call_mobile_elements/justhusky_mobile_elements.vcf.gz.csi",
                "call_mobile_elements/justhusky_mobile_elements.vcf.gz.tbi",
                "call_snv",
                "call_snv/genome",
                "call_snv/genome/justhusky_snv.vcf.gz",
                "call_snv/genome/justhusky_snv.vcf.gz.tbi",
                "call_snv/mitochondria",
                "call_snv/mitochondria/justhusky_mitochondria.vcf.gz",
                "call_snv/mitochondria/justhusky_mitochondria.vcf.gz.csi",
                "call_snv/mitochondria/justhusky_mitochondria.vcf.gz.tbi",
                "call_sv",
                "call_sv/genome",
                "call_sv/genome/justhusky_sv.vcf.gz",
                "call_sv/genome/justhusky_sv.vcf.gz.csi",
                "call_sv/genome/justhusky_sv.vcf.gz.tbi",
                "call_sv/mitochondria",
                "call_sv/mitochondria/eKLIPse_hugelymodelbat.png",
                "call_sv/mitochondria/eKLIPse_hugelymodelbat_deletions.csv",
                "call_sv/mitochondria/eKLIPse_hugelymodelbat_genes.csv",
                "call_sv/mitochondria/hugelymodelbat_mitochondria_deletions.txt",
                "fastqc",
                "fastqc/hugelymodelbat_LNUMBER1",
                "fastqc/hugelymodelbat_LNUMBER1/hugelymodelbat_LNUMBER1.html",
                "fastqc/hugelymodelbat_LNUMBER1/hugelymodelbat_LNUMBER1.zip",
                "haplocheck",
                "haplocheck/hugelymodelbat.raw.txt",
                "multiqc",
                "multiqc/multiqc_data",
                "multiqc/multiqc_plots",
                "multiqc/multiqc_report.html",
                "ngsbits_samplegender",
                "ngsbits_samplegender/hugelymodelbat_ngsbits_sex.tsv",
                "pedigree",
                "pedigree/justhusky.ped",
                "pipeline_info",
                "pipeline_info/nf_core_raredisease_software_mqc_versions.yml",
                "qc_bam",
                "qc_bam/hugelymodelbat",
                "qc_bam/hugelymodelbat/css",
                "qc_bam/hugelymodelbat/css/agogo.css",
                "qc_bam/hugelymodelbat/css/ajax-loader.gif",
                "qc_bam/hugelymodelbat/css/basic.css",
                "qc_bam/hugelymodelbat/css/bgfooter.png",
                "qc_bam/hugelymodelbat/css/bgtop.png",
                "qc_bam/hugelymodelbat/css/comment-bright.png",
                "qc_bam/hugelymodelbat/css/comment-close.png",
                "qc_bam/hugelymodelbat/css/comment.png",
                "qc_bam/hugelymodelbat/css/doctools.js",
                "qc_bam/hugelymodelbat/css/down-pressed.png",
                "qc_bam/hugelymodelbat/css/down.png",
                "qc_bam/hugelymodelbat/css/file.png",
                "qc_bam/hugelymodelbat/css/jquery.js",
                "qc_bam/hugelymodelbat/css/minus.png",
                "qc_bam/hugelymodelbat/css/plus.png",
                "qc_bam/hugelymodelbat/css/pygments.css",
                "qc_bam/hugelymodelbat/css/qualimap_logo_small.png",
                "qc_bam/hugelymodelbat/css/report.css",
                "qc_bam/hugelymodelbat/css/searchtools.js",
                "qc_bam/hugelymodelbat/css/underscore.js",
                "qc_bam/hugelymodelbat/css/up-pressed.png",
                "qc_bam/hugelymodelbat/css/up.png",
                "qc_bam/hugelymodelbat/css/websupport.js",
                "qc_bam/hugelymodelbat/genome_results.txt",
                "qc_bam/hugelymodelbat/images_qualimapReport",
                "qc_bam/hugelymodelbat/images_qualimapReport/genome_coverage_0to50_histogram.png",
                "qc_bam/hugelymodelbat/images_qualimapReport/genome_coverage_across_reference.png",
                "qc_bam/hugelymodelbat/images_qualimapReport/genome_coverage_histogram.png",
                "qc_bam/hugelymodelbat/images_qualimapReport/genome_coverage_quotes.png",
                "qc_bam/hugelymodelbat/images_qualimapReport/genome_gc_content_per_window.png",
                "qc_bam/hugelymodelbat/images_qualimapReport/genome_homopolymer_indels.png",
                "qc_bam/hugelymodelbat/images_qualimapReport/genome_insert_size_across_reference.png",
                "qc_bam/hugelymodelbat/images_qualimapReport/genome_insert_size_histogram.png",
                "qc_bam/hugelymodelbat/images_qualimapReport/genome_mapping_quality_across_reference.png",
                "qc_bam/hugelymodelbat/images_qualimapReport/genome_mapping_quality_histogram.png",
                "qc_bam/hugelymodelbat/images_qualimapReport/genome_reads_clipping_profile.png",
                "qc_bam/hugelymodelbat/images_qualimapReport/genome_reads_content_per_read_position.png",
                "qc_bam/hugelymodelbat/images_qualimapReport/genome_uniq_read_starts_histogram.png",
                "qc_bam/hugelymodelbat/qualimapReport.html",
                "qc_bam/hugelymodelbat/raw_data_qualimapReport",
                "qc_bam/hugelymodelbat/raw_data_qualimapReport/coverage_across_reference.txt",
                "qc_bam/hugelymodelbat/raw_data_qualimapReport/coverage_histogram.txt",
                "qc_bam/hugelymodelbat/raw_data_qualimapReport/duplication_rate_histogram.txt",
                "qc_bam/hugelymodelbat/raw_data_qualimapReport/genome_fraction_coverage.txt",
                "qc_bam/hugelymodelbat/raw_data_qualimapReport/homopolymer_indels.txt",
                "qc_bam/hugelymodelbat/raw_data_qualimapReport/insert_size_across_reference.txt",
                "qc_bam/hugelymodelbat/raw_data_qualimapReport/insert_size_histogram.txt",
                "qc_bam/hugelymodelbat/raw_data_qualimapReport/mapped_reads_clipping_profile.txt",
                "qc_bam/hugelymodelbat/raw_data_qualimapReport/mapped_reads_gc-content_distribution.txt",
                "qc_bam/hugelymodelbat/raw_data_qualimapReport/mapped_reads_nucleotide_content.txt",
                "qc_bam/hugelymodelbat/raw_data_qualimapReport/mapping_quality_across_reference.txt",
                "qc_bam/hugelymodelbat/raw_data_qualimapReport/mapping_quality_histogram.txt",
                "qc_bam/hugelymodelbat_chromographcov",
                "qc_bam/hugelymodelbat_hsmetrics.CollectHsMetrics.coverage_metrics",
                "qc_bam/hugelymodelbat_mosdepth.global.dist.txt",
                "qc_bam/hugelymodelbat_mosdepth.per-base.bed.gz",
                "qc_bam/hugelymodelbat_mosdepth.per-base.bed.gz.csi",
                "qc_bam/hugelymodelbat_mosdepth.per-base.d4",
                "qc_bam/hugelymodelbat_mosdepth.quantized.bed.gz",
                "qc_bam/hugelymodelbat_mosdepth.quantized.bed.gz.csi",
                "qc_bam/hugelymodelbat_mosdepth.region.dist.txt",
                "qc_bam/hugelymodelbat_mosdepth.regions.bed.gz",
                "qc_bam/hugelymodelbat_mosdepth.regions.bed.gz.csi",
                "qc_bam/hugelymodelbat_mosdepth.summary.txt",
                "qc_bam/hugelymodelbat_mosdepth.thresholds.bed.gz",
                "qc_bam/hugelymodelbat_mosdepth.thresholds.bed.gz.csi",
                "qc_bam/hugelymodelbat_multiplemetrics.CollectMultipleMetrics.alignment_summary_metrics",
                "qc_bam/hugelymodelbat_multiplemetrics.CollectMultipleMetrics.base_distribution_by_cycle.pdf",
                "qc_bam/hugelymodelbat_multiplemetrics.CollectMultipleMetrics.base_distribution_by_cycle_metrics",
                "qc_bam/hugelymodelbat_multiplemetrics.CollectMultipleMetrics.insert_size_histogram.pdf",
                "qc_bam/hugelymodelbat_multiplemetrics.CollectMultipleMetrics.insert_size_metrics",
                "qc_bam/hugelymodelbat_multiplemetrics.CollectMultipleMetrics.quality_by_cycle.pdf",
                "qc_bam/hugelymodelbat_multiplemetrics.CollectMultipleMetrics.quality_by_cycle_metrics",
                "qc_bam/hugelymodelbat_multiplemetrics.CollectMultipleMetrics.quality_distribution.pdf",
                "qc_bam/hugelymodelbat_multiplemetrics.CollectMultipleMetrics.quality_distribution_metrics",
                "qc_bam/hugelymodelbat_multiplemetrics.CollectMultipleMetrics.read_length_histogram.pdf",
                "qc_bam/hugelymodelbat_tidditcov.bed",
                "qc_bam/hugelymodelbat_tidditcov.bw",
                "qc_bam/hugelymodelbat_tidditcov.wig",
                "qc_bam/hugelymodelbat_wgsmetrics.CollectWgsMetrics.coverage_metrics",
                "qc_bam/hugelymodelbat_wgsmetrics_y.CollectWgsMetrics.coverage_metrics",
                "rank_and_filter",
                "rank_and_filter/justhusky_mt_ranked_clinical.vcf.gz",
                "rank_and_filter/justhusky_mt_ranked_clinical.vcf.gz.csi",
                "rank_and_filter/justhusky_mt_ranked_clinical.vcf.gz.gzi",
                "rank_and_filter/justhusky_mt_ranked_clinical.vcf.gz.tbi",
                "rank_and_filter/justhusky_mt_ranked_research.vcf.gz",
                "rank_and_filter/justhusky_mt_ranked_research.vcf.gz.csi",
                "rank_and_filter/justhusky_mt_ranked_research.vcf.gz.gzi",
                "rank_and_filter/justhusky_mt_ranked_research.vcf.gz.tbi",
                "rank_and_filter/justhusky_snv_ranked_clinical.vcf.gz",
                "rank_and_filter/justhusky_snv_ranked_clinical.vcf.gz.csi",
                "rank_and_filter/justhusky_snv_ranked_clinical.vcf.gz.gzi",
                "rank_and_filter/justhusky_snv_ranked_clinical.vcf.gz.tbi",
                "rank_and_filter/justhusky_snv_ranked_research.vcf.gz",
                "rank_and_filter/justhusky_snv_ranked_research.vcf.gz.csi",
                "rank_and_filter/justhusky_snv_ranked_research.vcf.gz.gzi",
                "rank_and_filter/justhusky_snv_ranked_research.vcf.gz.tbi",
                "rank_and_filter/justhusky_sv_ranked_clinical.vcf.gz",
                "rank_and_filter/justhusky_sv_ranked_clinical.vcf.gz.csi",
                "rank_and_filter/justhusky_sv_ranked_clinical.vcf.gz.tbi",
                "rank_and_filter/justhusky_sv_ranked_research.vcf.gz",
                "rank_and_filter/justhusky_sv_ranked_research.vcf.gz.csi",
                "rank_and_filter/justhusky_sv_ranked_research.vcf.gz.tbi",
                "repeat_expansions",
                "repeat_expansions/hugelymodelbat_exphunter_sorted.bam",
                "repeat_expansions/hugelymodelbat_exphunter_sorted.bam.bai",
                "repeat_expansions/hugelymodelbat_exphunter_sorted.bam.csi",
                "repeat_expansions/hugelymodelbat_repeat_expansion.vcf",
                "repeat_expansions/justhusky_repeat_expansion_stranger.vcf.gz",
                "repeat_expansions/justhusky_repeat_expansion_stranger.vcf.gz.tbi",
                "smncopynumbercaller",
                "smncopynumbercaller/out",
                "smncopynumbercaller/out/justhusky_smncopynumbercaller.json",
                "smncopynumbercaller/out/justhusky_smncopynumbercaller.tsv",
                "trimming",
                "trimming/hugelymodelbat_LNUMBER1.fastp.html",
                "trimming/hugelymodelbat_LNUMBER1.fastp.json",
                "trimming/hugelymodelbat_LNUMBER1.fastp.log",
                "trimming/hugelymodelbat_LNUMBER1_1.fastp.fastq.gz",
                "trimming/hugelymodelbat_LNUMBER1_2.fastp.fastq.gz",
                "vcf2cytosure",
                "vcf2cytosure/hugelymodelbat.cgh"
            ]
        ],
        "meta": {
            "nf-test": "0.9.2",
            "nextflow": "25.04.3"
        },
        "timestamp": "2025-06-09T21:53:49.395385513"
    }
}